// Jest Snapshot v1, https://goo.gl/fbAQLP

exports[`SeDivider snapshot test should match exisiting snapshot 1`] = `<div class="ui divider"></div>`;
