// Jest Snapshot v1, https://goo.gl/fbAQLP

exports[`SeLabel snapshot test should match with existing snapshot 1`] = `
<div class="ui label">
    <!---->
</div>
`;
