// Jest Snapshot v1, https://goo.gl/fbAQLP

exports[`SeLabelGroup Snapshot test should match with exisiting snapshot 1`] = `
<div class="ui labels">
    <div class="ui label">Hello Label
        <!---->
    </div>
</div>
`;
